2025-04-10 13:08:30 INFO    GTAnalysis.__init__(): 
--------------------------------------------------------------------------------
fermipy version 1.3.1 
ScienceTools version 2.2.0
2025-04-10 13:08:30 DEBUG   GTAnalysis.print_config(): Configuration:
binning:
  binsperdec: 8.0
  binsz: 0.05
  coordsys: GAL
  enumbins: null
  hpx_ebin: true
  hpx_order: 10
  hpx_ordering_scheme: RING
  npix: null
  proj: AIT
  projtype: WCS
  roiwidth: 1.0
components: []
curvature:
  Index2: 0.6667
  free_Index2: false
data:
  cacheft1: true
  evfile: /Users/vdk/shared/fermibottle/sgr1900+14/PH.txt
  ltcube: null
  scfile: /Users/vdk/shared/fermibottle/sgr1900+14/L250410052842F357373F73_SC00.fits
extension:
  fit_ebin: false
  fit_position: false
  fix_shape: false
  free_background: false
  free_radius: null
  make_plots: false
  make_tsmap: true
  psf_scale_fn: null
  reoptimize: false
  save_model_map: false
  spatial_model: RadialGaussian
  sqrt_ts_threshold: null
  tsmap_fitter: tsmap
  update: false
  width: []
  width_max: 1.0
  width_min: 0.01
  width_nstep: 21
  write_fits: true
  write_npy: true
fileio:
  logfile: /Users/vdk/software/my_codebase/python/jupyter_notebooks/2025_notebooks/SMC_data/fermipy.log
  outdir: SMC_data
  outdir_regex:
  - \.fits$|\.fit$|\.xml$|\.npy$|\.png$|\.pdf$|\.yaml$
  savefits: true
  scratchdir: /scratch
  usescratch: false
  workdir: null
  workdir_regex:
  - \.fits$|\.fit$|\.xml$|\.npy$
gtlike:
  bexpmap: null
  bexpmap_base: null
  bexpmap_roi: null
  bexpmap_roi_base: null
  convolve: true
  edisp: true
  edisp_bins: -1
  edisp_disable:
  - isodiff
  - galdiff
  expscale: null
  irfs: P8R3_SOURCE_V3
  llscan_npts: 20
  minbinsz: 0.05
  resample: true
  rfactor: 2
  src_expscale: {}
  srcmap: null
  srcmap_base: null
  use_external_srcmap: false
  use_scaled_srcmap: false
  wmap: null
lightcurve:
  binsz: 86400.0
  free_background: false
  free_params: []
  free_radius: null
  free_sources: []
  make_plots: false
  max_free_sources: 5
  multithread: false
  nbins: null
  nthread: null
  outdir: null
  save_bin_data: true
  shape_ts_threshold: 16.0
  systematic: 0.02
  time_bins: []
  use_local_ltcube: true
  use_scaled_srcmap: false
  write_fits: true
  write_npy: true
localize:
  dtheta_max: 0.5
  fix_shape: false
  free_background: false
  free_radius: null
  make_plots: false
  nstep: 5
  tsmap_fitter: tsmap
  update: true
  write_fits: true
  write_npy: true
logging:
  chatter: 3
  prefix: ''
  verbosity: 3
ltcube:
  binsz: 1.0
  dcostheta: 0.025
  phibins: 0
  use_local_ltcube: false
mc:
  seed: null
model:
  assoc_xmatch_columns:
  - 3FGL_Name
  catalogs: []
  diffuse: []
  diffuse_dir: []
  diffuse_xml: []
  extdir: null
  extract_diffuse: false
  galdiff: []
  isodiff: []
  limbdiff: []
  merge_sources: true
  sources: []
  src_radius: null
  src_radius_roi: null
  src_roiwidth: null
optimizer:
  init_lambda: 0.0001
  max_iter: 100
  min_fit_quality: 2
  optimizer: MINUIT
  retries: 3
  tol: 0.001
  verbosity: 0
plotting:
  catalogs: []
  cmap: magma
  cmap_resid: RdBu_r
  figsize:
  - 8.0
  - 6.0
  format: png
  graticule_radii: []
  interactive: false
  label_ts_threshold: 0.0
  loge_bounds: []
psmap:
  chatter: 1
  cmap: ''
  dpix: -1
  emax: 1000000.0
  emin: 100.0
  fixedradius: -1.0
  ipix: -1
  jpix: -1
  make_plots: false
  maxpoissoncount: 100.0
  mmap: ''
  nbinloge: 20
  nbinpdf: 50
  outfile: ''
  prob_epsilon: 1.0e-07
  psfpar0: 4.0
  psfpar0lst: ''
  psfpar1: 100.0
  psfpar2: 0.9
  psfpar3: 0.1
  scaleaxis: 20.0
  wmap: ''
  write_fits: true
residmap:
  exclude: []
  loge_bounds: []
  make_plots: false
  model: {}
  use_weights: false
  write_fits: true
  write_npy: true
roiopt:
  max_free_sources: 5
  npred_frac: 0.95
  npred_threshold: 1.0
  shape_ts_threshold: 25.0
  skip: []
sed:
  bin_index: 2.0
  cov_scale: 3.0
  free_background: false
  free_pars: []
  free_radius: null
  make_plots: false
  ul_confidence: 0.95
  ul_ts_threshold: 4.0
  use_local_index: false
  write_fits: true
  write_npy: true
selection:
  convtype: null
  dec: null
  emax: 1000000.0
  emin: 1000.0
  evclass: 128
  evtype: 3
  filter: null
  glat: 0.4301
  glon: 43.1249
  logemax: null
  logemin: null
  phasemax: null
  phasemin: null
  ra: null
  radius: null
  roicut: 'no'
  target: null
  tmax: null
  tmin: null
  zmax: 90.0
sourcefind:
  free_params: []
  max_iter: 5
  min_separation: 1.0
  model: {}
  multithread: false
  nthread: null
  sources_per_iter: 4
  sqrt_ts_threshold: 5.0
  tsmap_fitter: tsmap
tscube:
  cov_scale: -1.0
  cov_scale_bb: -1.0
  do_sed: true
  exclude: []
  init_lambda: 0.0
  max_iter: 30
  model: {}
  nnorm: 10
  norm_sigma: 5.0
  remake_test_source: false
  st_scan_level: 0
  tol: 0.001
  tol_type: 0
tsmap:
  exclude: []
  loge_bounds: []
  make_plots: false
  max_kernel_radius: 3.0
  model: {}
  multithread: false
  nthread: null
  write_fits: true
  write_npy: true

2025-04-10 13:08:30 DEBUG   GTAnalysis._create_component(): Creating Analysis Component: 00
2025-04-10 13:08:30 DEBUG   GTBinnedAnalysis.__init__(): Automatically setting selection radius to 1.2071067811865475 deg
2025-04-10 13:09:53 INFO    GTAnalysis.__init__(): 
--------------------------------------------------------------------------------
fermipy version 1.3.1 
ScienceTools version 2.2.0
2025-04-10 13:09:53 DEBUG   GTAnalysis.print_config(): Configuration:
binning:
  binsperdec: 8.0
  binsz: 0.05
  coordsys: GAL
  enumbins: null
  hpx_ebin: true
  hpx_order: 10
  hpx_ordering_scheme: RING
  npix: null
  proj: AIT
  projtype: WCS
  roiwidth: 1.0
components: []
curvature:
  Index2: 0.6667
  free_Index2: false
data:
  cacheft1: true
  evfile: /Users/vdk/shared/fermibottle/sgr1900+14/PH.txt
  ltcube: null
  scfile: /Users/vdk/shared/fermibottle/sgr1900+14/L250410052842F357373F73_SC00.fits
extension:
  fit_ebin: false
  fit_position: false
  fix_shape: false
  free_background: false
  free_radius: null
  make_plots: false
  make_tsmap: true
  psf_scale_fn: null
  reoptimize: false
  save_model_map: false
  spatial_model: RadialGaussian
  sqrt_ts_threshold: null
  tsmap_fitter: tsmap
  update: false
  width: []
  width_max: 1.0
  width_min: 0.01
  width_nstep: 21
  write_fits: true
  write_npy: true
fileio:
  logfile: /Users/vdk/software/my_codebase/python/jupyter_notebooks/2025_notebooks/SMC_data/fermipy.log
  outdir: SMC_data
  outdir_regex:
  - \.fits$|\.fit$|\.xml$|\.npy$|\.png$|\.pdf$|\.yaml$
  savefits: true
  scratchdir: /scratch
  usescratch: false
  workdir: null
  workdir_regex:
  - \.fits$|\.fit$|\.xml$|\.npy$
gtlike:
  bexpmap: null
  bexpmap_base: null
  bexpmap_roi: null
  bexpmap_roi_base: null
  convolve: true
  edisp: true
  edisp_bins: -1
  edisp_disable:
  - isodiff
  - galdiff
  expscale: null
  irfs: P8R3_SOURCE_V3
  llscan_npts: 20
  minbinsz: 0.05
  resample: true
  rfactor: 2
  src_expscale: {}
  srcmap: null
  srcmap_base: null
  use_external_srcmap: false
  use_scaled_srcmap: false
  wmap: null
lightcurve:
  binsz: 86400.0
  free_background: false
  free_params: []
  free_radius: null
  free_sources: []
  make_plots: false
  max_free_sources: 5
  multithread: false
  nbins: null
  nthread: null
  outdir: null
  save_bin_data: true
  shape_ts_threshold: 16.0
  systematic: 0.02
  time_bins: []
  use_local_ltcube: true
  use_scaled_srcmap: false
  write_fits: true
  write_npy: true
localize:
  dtheta_max: 0.5
  fix_shape: false
  free_background: false
  free_radius: null
  make_plots: false
  nstep: 5
  tsmap_fitter: tsmap
  update: true
  write_fits: true
  write_npy: true
logging:
  chatter: 3
  prefix: ''
  verbosity: 3
ltcube:
  binsz: 1.0
  dcostheta: 0.025
  phibins: 0
  use_local_ltcube: false
mc:
  seed: null
model:
  assoc_xmatch_columns:
  - 3FGL_Name
  catalogs: []
  diffuse: []
  diffuse_dir: []
  diffuse_xml: []
  extdir: null
  extract_diffuse: false
  galdiff: []
  isodiff: []
  limbdiff: []
  merge_sources: true
  sources: []
  src_radius: null
  src_radius_roi: null
  src_roiwidth: null
optimizer:
  init_lambda: 0.0001
  max_iter: 100
  min_fit_quality: 2
  optimizer: MINUIT
  retries: 3
  tol: 0.001
  verbosity: 0
plotting:
  catalogs: []
  cmap: magma
  cmap_resid: RdBu_r
  figsize:
  - 8.0
  - 6.0
  format: png
  graticule_radii: []
  interactive: false
  label_ts_threshold: 0.0
  loge_bounds: []
psmap:
  chatter: 1
  cmap: ''
  dpix: -1
  emax: 1000000.0
  emin: 100.0
  fixedradius: -1.0
  ipix: -1
  jpix: -1
  make_plots: false
  maxpoissoncount: 100.0
  mmap: ''
  nbinloge: 20
  nbinpdf: 50
  outfile: ''
  prob_epsilon: 1.0e-07
  psfpar0: 4.0
  psfpar0lst: ''
  psfpar1: 100.0
  psfpar2: 0.9
  psfpar3: 0.1
  scaleaxis: 20.0
  wmap: ''
  write_fits: true
residmap:
  exclude: []
  loge_bounds: []
  make_plots: false
  model: {}
  use_weights: false
  write_fits: true
  write_npy: true
roiopt:
  max_free_sources: 5
  npred_frac: 0.95
  npred_threshold: 1.0
  shape_ts_threshold: 25.0
  skip: []
sed:
  bin_index: 2.0
  cov_scale: 3.0
  free_background: false
  free_pars: []
  free_radius: null
  make_plots: false
  ul_confidence: 0.95
  ul_ts_threshold: 4.0
  use_local_index: false
  write_fits: true
  write_npy: true
selection:
  convtype: null
  dec: null
  emax: 1000000.0
  emin: 1000.0
  evclass: 128
  evtype: 3
  filter: null
  glat: 0.4301
  glon: 43.1249
  logemax: null
  logemin: null
  phasemax: null
  phasemin: null
  ra: null
  radius: null
  roicut: 'no'
  target: null
  tmax: null
  tmin: null
  zmax: 90.0
sourcefind:
  free_params: []
  max_iter: 5
  min_separation: 1.0
  model: {}
  multithread: false
  nthread: null
  sources_per_iter: 4
  sqrt_ts_threshold: 5.0
  tsmap_fitter: tsmap
tscube:
  cov_scale: -1.0
  cov_scale_bb: -1.0
  do_sed: true
  exclude: []
  init_lambda: 0.0
  max_iter: 30
  model: {}
  nnorm: 10
  norm_sigma: 5.0
  remake_test_source: false
  st_scan_level: 0
  tol: 0.001
  tol_type: 0
tsmap:
  exclude: []
  loge_bounds: []
  make_plots: false
  max_kernel_radius: 3.0
  model: {}
  multithread: false
  nthread: null
  write_fits: true
  write_npy: true

2025-04-10 13:09:53 DEBUG   GTAnalysis._create_component(): Creating Analysis Component: 00
2025-04-10 13:09:53 DEBUG   GTBinnedAnalysis.__init__(): Automatically setting selection radius to 1.2071067811865475 deg
2025-04-10 13:11:04 INFO    GTAnalysis.__init__(): 
--------------------------------------------------------------------------------
fermipy version 1.3.1 
ScienceTools version 2.2.0
2025-04-10 13:11:04 DEBUG   GTAnalysis.print_config(): Configuration:
binning:
  binsperdec: 8.0
  binsz: 0.05
  coordsys: GAL
  enumbins: null
  hpx_ebin: true
  hpx_order: 10
  hpx_ordering_scheme: RING
  npix: null
  proj: AIT
  projtype: WCS
  roiwidth: 1.0
components: []
curvature:
  Index2: 0.6667
  free_Index2: false
data:
  cacheft1: true
  evfile: /Users/vdk/shared/fermibottle/sgr1900+14/PH.txt
  ltcube: null
  scfile: /Users/vdk/shared/fermibottle/sgr1900+14/L250410052842F357373F73_SC00.fits
extension:
  fit_ebin: false
  fit_position: false
  fix_shape: false
  free_background: false
  free_radius: null
  make_plots: false
  make_tsmap: true
  psf_scale_fn: null
  reoptimize: false
  save_model_map: false
  spatial_model: RadialGaussian
  sqrt_ts_threshold: null
  tsmap_fitter: tsmap
  update: false
  width: []
  width_max: 1.0
  width_min: 0.01
  width_nstep: 21
  write_fits: true
  write_npy: true
fileio:
  logfile: /Users/vdk/software/my_codebase/python/jupyter_notebooks/2025_notebooks/SMC_data/fermipy.log
  outdir: SMC_data
  outdir_regex:
  - \.fits$|\.fit$|\.xml$|\.npy$|\.png$|\.pdf$|\.yaml$
  savefits: true
  scratchdir: /scratch
  usescratch: false
  workdir: null
  workdir_regex:
  - \.fits$|\.fit$|\.xml$|\.npy$
gtlike:
  bexpmap: null
  bexpmap_base: null
  bexpmap_roi: null
  bexpmap_roi_base: null
  convolve: true
  edisp: true
  edisp_bins: -1
  edisp_disable:
  - isodiff
  - galdiff
  expscale: null
  irfs: P8R3_SOURCE_V3
  llscan_npts: 20
  minbinsz: 0.05
  resample: true
  rfactor: 2
  src_expscale: {}
  srcmap: null
  srcmap_base: null
  use_external_srcmap: false
  use_scaled_srcmap: false
  wmap: null
lightcurve:
  binsz: 86400.0
  free_background: false
  free_params: []
  free_radius: null
  free_sources: []
  make_plots: false
  max_free_sources: 5
  multithread: false
  nbins: null
  nthread: null
  outdir: null
  save_bin_data: true
  shape_ts_threshold: 16.0
  systematic: 0.02
  time_bins: []
  use_local_ltcube: true
  use_scaled_srcmap: false
  write_fits: true
  write_npy: true
localize:
  dtheta_max: 0.5
  fix_shape: false
  free_background: false
  free_radius: null
  make_plots: false
  nstep: 5
  tsmap_fitter: tsmap
  update: true
  write_fits: true
  write_npy: true
logging:
  chatter: 3
  prefix: ''
  verbosity: 3
ltcube:
  binsz: 1.0
  dcostheta: 0.025
  phibins: 0
  use_local_ltcube: false
mc:
  seed: null
model:
  assoc_xmatch_columns:
  - 3FGL_Name
  catalogs: []
  diffuse: []
  diffuse_dir: []
  diffuse_xml: []
  extdir: null
  extract_diffuse: false
  galdiff: []
  isodiff: []
  limbdiff: []
  merge_sources: true
  sources: []
  src_radius: null
  src_radius_roi: null
  src_roiwidth: null
optimizer:
  init_lambda: 0.0001
  max_iter: 100
  min_fit_quality: 2
  optimizer: MINUIT
  retries: 3
  tol: 0.001
  verbosity: 0
plotting:
  catalogs: []
  cmap: magma
  cmap_resid: RdBu_r
  figsize:
  - 8.0
  - 6.0
  format: png
  graticule_radii: []
  interactive: false
  label_ts_threshold: 0.0
  loge_bounds: []
psmap:
  chatter: 1
  cmap: ''
  dpix: -1
  emax: 1000000.0
  emin: 100.0
  fixedradius: -1.0
  ipix: -1
  jpix: -1
  make_plots: false
  maxpoissoncount: 100.0
  mmap: ''
  nbinloge: 20
  nbinpdf: 50
  outfile: ''
  prob_epsilon: 1.0e-07
  psfpar0: 4.0
  psfpar0lst: ''
  psfpar1: 100.0
  psfpar2: 0.9
  psfpar3: 0.1
  scaleaxis: 20.0
  wmap: ''
  write_fits: true
residmap:
  exclude: []
  loge_bounds: []
  make_plots: false
  model: {}
  use_weights: false
  write_fits: true
  write_npy: true
roiopt:
  max_free_sources: 5
  npred_frac: 0.95
  npred_threshold: 1.0
  shape_ts_threshold: 25.0
  skip: []
sed:
  bin_index: 2.0
  cov_scale: 3.0
  free_background: false
  free_pars: []
  free_radius: null
  make_plots: false
  ul_confidence: 0.95
  ul_ts_threshold: 4.0
  use_local_index: false
  write_fits: true
  write_npy: true
selection:
  convtype: null
  dec: null
  emax: 1000000.0
  emin: 1000.0
  evclass: 128
  evtype: 3
  filter: null
  glat: 0.4301
  glon: 43.1249
  logemax: null
  logemin: null
  phasemax: null
  phasemin: null
  ra: null
  radius: null
  roicut: 'no'
  target: null
  tmax: 765936005
  tmin: 239557417
  zmax: 90.0
sourcefind:
  free_params: []
  max_iter: 5
  min_separation: 1.0
  model: {}
  multithread: false
  nthread: null
  sources_per_iter: 4
  sqrt_ts_threshold: 5.0
  tsmap_fitter: tsmap
tscube:
  cov_scale: -1.0
  cov_scale_bb: -1.0
  do_sed: true
  exclude: []
  init_lambda: 0.0
  max_iter: 30
  model: {}
  nnorm: 10
  norm_sigma: 5.0
  remake_test_source: false
  st_scan_level: 0
  tol: 0.001
  tol_type: 0
tsmap:
  exclude: []
  loge_bounds: []
  make_plots: false
  max_kernel_radius: 3.0
  model: {}
  multithread: false
  nthread: null
  write_fits: true
  write_npy: true

2025-04-10 13:11:04 DEBUG   GTAnalysis._create_component(): Creating Analysis Component: 00
2025-04-10 13:11:04 DEBUG   GTBinnedAnalysis.__init__(): Automatically setting selection radius to 1.2071067811865475 deg
2025-04-10 13:11:04 DEBUG   GTBinnedAnalysis.print_config(): Configuration:
binning:
  binsperdec: 8.0
  binsz: 0.05
  coordsys: GAL
  enumbins: null
  hpx_ebin: true
  hpx_order: 10
  hpx_ordering_scheme: RING
  npix: null
  proj: AIT
  projtype: WCS
  roiwidth: 1.0
data:
  cacheft1: true
  evfile: /Users/vdk/shared/fermibottle/sgr1900+14/PH.txt
  ltcube: null
  scfile: /Users/vdk/shared/fermibottle/sgr1900+14/L250410052842F357373F73_SC00.fits
file_suffix: _00
fileio:
  logfile: /Users/vdk/software/my_codebase/python/jupyter_notebooks/2025_notebooks/SMC_data/fermipy.log
  outdir: SMC_data
  outdir_regex:
  - \.fits$|\.fit$|\.xml$|\.npy$|\.png$|\.pdf$|\.yaml$
  savefits: true
  scratchdir: /scratch
  usescratch: false
  workdir: /Users/vdk/software/my_codebase/python/jupyter_notebooks/2025_notebooks/SMC_data
  workdir_regex:
  - \.fits$|\.fit$|\.xml$|\.npy$
gtlike:
  bexpmap: null
  bexpmap_base: null
  bexpmap_roi: null
  bexpmap_roi_base: null
  convolve: true
  edisp: true
  edisp_bins: -1
  edisp_disable:
  - isodiff
  - galdiff
  expscale: null
  irfs: P8R3_SOURCE_V3
  llscan_npts: 20
  minbinsz: 0.05
  resample: true
  rfactor: 2
  src_expscale: {}
  srcmap: null
  srcmap_base: null
  use_external_srcmap: false
  use_scaled_srcmap: false
  wmap: null
logging:
  chatter: 3
  prefix: ''
  verbosity: 3
ltcube:
  binsz: 1.0
  dcostheta: 0.025
  phibins: 0
  use_local_ltcube: false
model:
  assoc_xmatch_columns:
  - 3FGL_Name
  catalogs: []
  diffuse: []
  diffuse_dir: []
  diffuse_xml: []
  extdir: null
  extract_diffuse: false
  galdiff: []
  isodiff: []
  limbdiff: []
  merge_sources: true
  sources: []
  src_radius: null
  src_radius_roi: null
  src_roiwidth: null
name: '00'
selection:
  convtype: null
  dec: null
  emax: 1000000.0
  emin: 1000.0
  evclass: 128
  evtype: 3
  filter: null
  glat: 0.4301
  glon: 43.1249
  logemax: !!python/object/apply:numpy.core.multiarray.scalar
  - &id001 !!python/object/apply:numpy.dtype
    args:
    - f8
    - false
    - true
    state: !!python/tuple
    - 3
    - <
    - null
    - null
    - null
    - -1
    - -1
    - 0
  - !!binary |
    AAAAAAAAGEA=
  logemin: !!python/object/apply:numpy.core.multiarray.scalar
  - *id001
  - !!binary |
    AAAAAAAACEA=
  phasemax: null
  phasemin: null
  ra: null
  radius: 1.2071067811865475
  roicut: 'no'
  target: null
  tmax: 765936005
  tmin: 239557417
  zmax: 90.0

2025-04-10 13:11:04 INFO    GTAnalysis.setup(): Running setup.
2025-04-10 13:11:04 INFO    GTBinnedAnalysis.setup(): Running setup for component 00
2025-04-10 13:11:04 INFO    GTBinnedAnalysis.run_gtapp(): Running gtselect.
2025-04-10 13:11:04 INFO    GTBinnedAnalysis.run_gtapp(): time -p gtselect infile=/Users/vdk/software/my_codebase/python/jupyter_notebooks/2025_notebooks/SMC_data/evfile_00.txt outfile=/Users/vdk/software/my_codebase/python/jupyter_notebooks/2025_notebooks/SMC_data/ft1_00.fits ra=287.15994750303526 dec=9.259972392984793 rad=1.2071067811865475 tmin=239557417.0 tmax=765936005.0 emin=1000.0 emax=1000000.0 zmin=0.0 zmax=90.0 evclass=128 evtype=3 convtype=-1 phasemin=0.0 phasemax=1.0 evtable="EVENTS" chatter=3 clobber=yes debug=no gui=no mode="ql"
2025-04-10 13:11:04 INFO    GTBinnedAnalysis.run_gtapp(): This is gtselect version HEAD
2025-04-10 13:11:04 INFO    GTBinnedAnalysis.run_gtapp(): Caught N3tip12TipExceptionE at the top level: File not found: /Users/vdk/software/my_codebase/python/jupyter_notebooks/2025_notebooks/SMC_data/./L250410052842F357373F73_PH00.fits
2025-04-10 13:11:04 INFO    GTBinnedAnalysis.run_gtapp(): Finished gtselect. Execution time: 0.09 s
2025-04-10 13:11:04 INFO    GTBinnedAnalysis.run_gtapp(): Running gtltcube.
2025-04-10 13:11:04 INFO    GTBinnedAnalysis.run_gtapp(): time -p gtltcube evfile="/Users/vdk/software/my_codebase/python/jupyter_notebooks/2025_notebooks/SMC_data/ft1_00.fits" evtable="EVENTS" scfile=/Users/vdk/shared/fermibottle/sgr1900+14/L250410052842F357373F73_SC00.fits sctable="SC_DATA" outfile=/Users/vdk/software/my_codebase/python/jupyter_notebooks/2025_notebooks/SMC_data/ltcube_00.fits dcostheta=0.025 binsz=1.0 phibins=0 tmin=0.0 tmax=0.0 file_version="1" zmin=0.0 zmax=90.0 chatter=2 clobber=yes debug=no gui=no mode="ql"
2025-04-10 13:11:04 INFO    GTBinnedAnalysis.run_gtapp(): Caught St13runtime_error at the top level: File not found: /Users/vdk/software/my_codebase/python/jupyter_notebooks/2025_notebooks/SMC_data/ft1_00.fits
2025-04-10 13:11:04 INFO    GTBinnedAnalysis.run_gtapp(): Finished gtltcube. Execution time: 0.08 s
2025-04-10 13:11:04 DEBUG   GTBinnedAnalysis.setup(): Loading LT Cube /Users/vdk/software/my_codebase/python/jupyter_notebooks/2025_notebooks/SMC_data/ltcube_00.fits
2025-04-10 13:11:17 INFO    GTAnalysis.__init__(): 
--------------------------------------------------------------------------------
fermipy version 1.3.1 
ScienceTools version 2.2.0
2025-04-10 13:11:17 DEBUG   GTAnalysis.print_config(): Configuration:
binning:
  binsperdec: 8.0
  binsz: 0.05
  coordsys: GAL
  enumbins: null
  hpx_ebin: true
  hpx_order: 10
  hpx_ordering_scheme: RING
  npix: null
  proj: AIT
  projtype: WCS
  roiwidth: 1.0
components: []
curvature:
  Index2: 0.6667
  free_Index2: false
data:
  cacheft1: true
  evfile: /Users/vdk/shared/fermibottle/sgr1900+14/PH.txt
  ltcube: null
  scfile: /Users/vdk/shared/fermibottle/sgr1900+14/L250410052842F357373F73_SC00.fits
extension:
  fit_ebin: false
  fit_position: false
  fix_shape: false
  free_background: false
  free_radius: null
  make_plots: false
  make_tsmap: true
  psf_scale_fn: null
  reoptimize: false
  save_model_map: false
  spatial_model: RadialGaussian
  sqrt_ts_threshold: null
  tsmap_fitter: tsmap
  update: false
  width: []
  width_max: 1.0
  width_min: 0.01
  width_nstep: 21
  write_fits: true
  write_npy: true
fileio:
  logfile: /Users/vdk/software/my_codebase/python/jupyter_notebooks/2025_notebooks/SMC_data/fermipy.log
  outdir: SMC_data
  outdir_regex:
  - \.fits$|\.fit$|\.xml$|\.npy$|\.png$|\.pdf$|\.yaml$
  savefits: true
  scratchdir: /scratch
  usescratch: false
  workdir: null
  workdir_regex:
  - \.fits$|\.fit$|\.xml$|\.npy$
gtlike:
  bexpmap: null
  bexpmap_base: null
  bexpmap_roi: null
  bexpmap_roi_base: null
  convolve: true
  edisp: true
  edisp_bins: -1
  edisp_disable:
  - isodiff
  - galdiff
  expscale: null
  irfs: P8R3_SOURCE_V3
  llscan_npts: 20
  minbinsz: 0.05
  resample: true
  rfactor: 2
  src_expscale: {}
  srcmap: null
  srcmap_base: null
  use_external_srcmap: false
  use_scaled_srcmap: false
  wmap: null
lightcurve:
  binsz: 86400.0
  free_background: false
  free_params: []
  free_radius: null
  free_sources: []
  make_plots: false
  max_free_sources: 5
  multithread: false
  nbins: null
  nthread: null
  outdir: null
  save_bin_data: true
  shape_ts_threshold: 16.0
  systematic: 0.02
  time_bins: []
  use_local_ltcube: true
  use_scaled_srcmap: false
  write_fits: true
  write_npy: true
localize:
  dtheta_max: 0.5
  fix_shape: false
  free_background: false
  free_radius: null
  make_plots: false
  nstep: 5
  tsmap_fitter: tsmap
  update: true
  write_fits: true
  write_npy: true
logging:
  chatter: 3
  prefix: ''
  verbosity: 3
ltcube:
  binsz: 1.0
  dcostheta: 0.025
  phibins: 0
  use_local_ltcube: false
mc:
  seed: null
model:
  assoc_xmatch_columns:
  - 3FGL_Name
  catalogs: []
  diffuse: []
  diffuse_dir: []
  diffuse_xml: []
  extdir: null
  extract_diffuse: false
  galdiff: []
  isodiff: []
  limbdiff: []
  merge_sources: true
  sources: []
  src_radius: null
  src_radius_roi: null
  src_roiwidth: null
optimizer:
  init_lambda: 0.0001
  max_iter: 100
  min_fit_quality: 2
  optimizer: MINUIT
  retries: 3
  tol: 0.001
  verbosity: 0
plotting:
  catalogs: []
  cmap: magma
  cmap_resid: RdBu_r
  figsize:
  - 8.0
  - 6.0
  format: png
  graticule_radii: []
  interactive: false
  label_ts_threshold: 0.0
  loge_bounds: []
psmap:
  chatter: 1
  cmap: ''
  dpix: -1
  emax: 1000000.0
  emin: 100.0
  fixedradius: -1.0
  ipix: -1
  jpix: -1
  make_plots: false
  maxpoissoncount: 100.0
  mmap: ''
  nbinloge: 20
  nbinpdf: 50
  outfile: ''
  prob_epsilon: 1.0e-07
  psfpar0: 4.0
  psfpar0lst: ''
  psfpar1: 100.0
  psfpar2: 0.9
  psfpar3: 0.1
  scaleaxis: 20.0
  wmap: ''
  write_fits: true
residmap:
  exclude: []
  loge_bounds: []
  make_plots: false
  model: {}
  use_weights: false
  write_fits: true
  write_npy: true
roiopt:
  max_free_sources: 5
  npred_frac: 0.95
  npred_threshold: 1.0
  shape_ts_threshold: 25.0
  skip: []
sed:
  bin_index: 2.0
  cov_scale: 3.0
  free_background: false
  free_pars: []
  free_radius: null
  make_plots: false
  ul_confidence: 0.95
  ul_ts_threshold: 4.0
  use_local_index: false
  write_fits: true
  write_npy: true
selection:
  convtype: null
  dec: null
  emax: 1000000.0
  emin: 1000.0
  evclass: 128
  evtype: 3
  filter: null
  glat: 0.4301
  glon: 43.1249
  logemax: null
  logemin: null
  phasemax: null
  phasemin: null
  ra: null
  radius: null
  roicut: 'no'
  target: null
  tmax: 765936005
  tmin: 239557417
  zmax: 90.0
sourcefind:
  free_params: []
  max_iter: 5
  min_separation: 1.0
  model: {}
  multithread: false
  nthread: null
  sources_per_iter: 4
  sqrt_ts_threshold: 5.0
  tsmap_fitter: tsmap
tscube:
  cov_scale: -1.0
  cov_scale_bb: -1.0
  do_sed: true
  exclude: []
  init_lambda: 0.0
  max_iter: 30
  model: {}
  nnorm: 10
  norm_sigma: 5.0
  remake_test_source: false
  st_scan_level: 0
  tol: 0.001
  tol_type: 0
tsmap:
  exclude: []
  loge_bounds: []
  make_plots: false
  max_kernel_radius: 3.0
  model: {}
  multithread: false
  nthread: null
  write_fits: true
  write_npy: true

2025-04-10 13:11:17 DEBUG   GTAnalysis._create_component(): Creating Analysis Component: 00
2025-04-10 13:11:17 DEBUG   GTBinnedAnalysis.__init__(): Automatically setting selection radius to 1.2071067811865475 deg
2025-04-10 13:11:17 DEBUG   GTBinnedAnalysis.print_config(): Configuration:
binning:
  binsperdec: 8.0
  binsz: 0.05
  coordsys: GAL
  enumbins: null
  hpx_ebin: true
  hpx_order: 10
  hpx_ordering_scheme: RING
  npix: null
  proj: AIT
  projtype: WCS
  roiwidth: 1.0
data:
  cacheft1: true
  evfile: /Users/vdk/shared/fermibottle/sgr1900+14/PH.txt
  ltcube: null
  scfile: /Users/vdk/shared/fermibottle/sgr1900+14/L250410052842F357373F73_SC00.fits
file_suffix: _00
fileio:
  logfile: /Users/vdk/software/my_codebase/python/jupyter_notebooks/2025_notebooks/SMC_data/fermipy.log
  outdir: SMC_data
  outdir_regex:
  - \.fits$|\.fit$|\.xml$|\.npy$|\.png$|\.pdf$|\.yaml$
  savefits: true
  scratchdir: /scratch
  usescratch: false
  workdir: /Users/vdk/software/my_codebase/python/jupyter_notebooks/2025_notebooks/SMC_data
  workdir_regex:
  - \.fits$|\.fit$|\.xml$|\.npy$
gtlike:
  bexpmap: null
  bexpmap_base: null
  bexpmap_roi: null
  bexpmap_roi_base: null
  convolve: true
  edisp: true
  edisp_bins: -1
  edisp_disable:
  - isodiff
  - galdiff
  expscale: null
  irfs: P8R3_SOURCE_V3
  llscan_npts: 20
  minbinsz: 0.05
  resample: true
  rfactor: 2
  src_expscale: {}
  srcmap: null
  srcmap_base: null
  use_external_srcmap: false
  use_scaled_srcmap: false
  wmap: null
logging:
  chatter: 3
  prefix: ''
  verbosity: 3
ltcube:
  binsz: 1.0
  dcostheta: 0.025
  phibins: 0
  use_local_ltcube: false
model:
  assoc_xmatch_columns:
  - 3FGL_Name
  catalogs: []
  diffuse: []
  diffuse_dir: []
  diffuse_xml: []
  extdir: null
  extract_diffuse: false
  galdiff: []
  isodiff: []
  limbdiff: []
  merge_sources: true
  sources: []
  src_radius: null
  src_radius_roi: null
  src_roiwidth: null
name: '00'
selection:
  convtype: null
  dec: null
  emax: 1000000.0
  emin: 1000.0
  evclass: 128
  evtype: 3
  filter: null
  glat: 0.4301
  glon: 43.1249
  logemax: !!python/object/apply:numpy.core.multiarray.scalar
  - &id001 !!python/object/apply:numpy.dtype
    args:
    - f8
    - false
    - true
    state: !!python/tuple
    - 3
    - <
    - null
    - null
    - null
    - -1
    - -1
    - 0
  - !!binary |
    AAAAAAAAGEA=
  logemin: !!python/object/apply:numpy.core.multiarray.scalar
  - *id001
  - !!binary |
    AAAAAAAACEA=
  phasemax: null
  phasemin: null
  ra: null
  radius: 1.2071067811865475
  roicut: 'no'
  target: null
  tmax: 765936005
  tmin: 239557417
  zmax: 90.0

2025-04-10 13:11:29 INFO    GTAnalysis.setup(): Running setup.
2025-04-10 13:11:29 INFO    GTBinnedAnalysis.setup(): Running setup for component 00
2025-04-10 13:11:29 INFO    GTBinnedAnalysis.run_gtapp(): Running gtselect.
2025-04-10 13:11:29 INFO    GTBinnedAnalysis.run_gtapp(): time -p gtselect infile=/Users/vdk/software/my_codebase/python/jupyter_notebooks/2025_notebooks/SMC_data/evfile_00.txt outfile=/Users/vdk/software/my_codebase/python/jupyter_notebooks/2025_notebooks/SMC_data/ft1_00.fits ra=287.15994750303526 dec=9.259972392984793 rad=1.2071067811865475 tmin=239557417.0 tmax=765936005.0 emin=1000.0 emax=1000000.0 zmin=0.0 zmax=90.0 evclass=128 evtype=3 convtype=-1 phasemin=0.0 phasemax=1.0 evtable="EVENTS" chatter=3 clobber=yes debug=no gui=no mode="ql"
2025-04-10 13:11:29 INFO    GTBinnedAnalysis.run_gtapp(): This is gtselect version HEAD
2025-04-10 13:11:29 INFO    GTBinnedAnalysis.run_gtapp(): Caught N3tip12TipExceptionE at the top level: File not found: /Users/vdk/software/my_codebase/python/jupyter_notebooks/2025_notebooks/SMC_data/./L250410052842F357373F73_PH00.fits
2025-04-10 13:11:29 INFO    GTBinnedAnalysis.run_gtapp(): Finished gtselect. Execution time: 0.05 s
2025-04-10 13:11:29 INFO    GTBinnedAnalysis.run_gtapp(): Running gtltcube.
2025-04-10 13:11:29 INFO    GTBinnedAnalysis.run_gtapp(): time -p gtltcube evfile="/Users/vdk/software/my_codebase/python/jupyter_notebooks/2025_notebooks/SMC_data/ft1_00.fits" evtable="EVENTS" scfile=/Users/vdk/shared/fermibottle/sgr1900+14/L250410052842F357373F73_SC00.fits sctable="SC_DATA" outfile=/Users/vdk/software/my_codebase/python/jupyter_notebooks/2025_notebooks/SMC_data/ltcube_00.fits dcostheta=0.025 binsz=1.0 phibins=0 tmin=0.0 tmax=0.0 file_version="1" zmin=0.0 zmax=90.0 chatter=2 clobber=yes debug=no gui=no mode="ql"
2025-04-10 13:11:29 INFO    GTBinnedAnalysis.run_gtapp(): Caught St13runtime_error at the top level: File not found: /Users/vdk/software/my_codebase/python/jupyter_notebooks/2025_notebooks/SMC_data/ft1_00.fits
2025-04-10 13:11:29 INFO    GTBinnedAnalysis.run_gtapp(): Finished gtltcube. Execution time: 0.04 s
2025-04-10 13:11:29 DEBUG   GTBinnedAnalysis.setup(): Loading LT Cube /Users/vdk/software/my_codebase/python/jupyter_notebooks/2025_notebooks/SMC_data/ltcube_00.fits
2025-04-10 13:12:33 INFO    GTAnalysis.__init__(): 
--------------------------------------------------------------------------------
fermipy version 1.3.1 
ScienceTools version 2.2.0
2025-04-10 13:12:33 DEBUG   GTAnalysis.print_config(): Configuration:
binning:
  binsperdec: 8.0
  binsz: 0.05
  coordsys: GAL
  enumbins: null
  hpx_ebin: true
  hpx_order: 10
  hpx_ordering_scheme: RING
  npix: null
  proj: AIT
  projtype: WCS
  roiwidth: 1.0
components: []
curvature:
  Index2: 0.6667
  free_Index2: false
data:
  cacheft1: true
  evfile: /Users/vdk/shared/fermibottle/sgr1900+14/PH.txt
  ltcube: null
  scfile: /Users/vdk/shared/fermibottle/sgr1900+14/L250410052842F357373F73_SC00.fits
extension:
  fit_ebin: false
  fit_position: false
  fix_shape: false
  free_background: false
  free_radius: null
  make_plots: false
  make_tsmap: true
  psf_scale_fn: null
  reoptimize: false
  save_model_map: false
  spatial_model: RadialGaussian
  sqrt_ts_threshold: null
  tsmap_fitter: tsmap
  update: false
  width: []
  width_max: 1.0
  width_min: 0.01
  width_nstep: 21
  write_fits: true
  write_npy: true
fileio:
  logfile: /Users/vdk/software/my_codebase/python/data_analysis/fermi_lat/output_sgr/fermipy.log
  outdir: /Users/vdk/software/my_codebase/python/data_analysis/fermi_lat/output_sgr
  outdir_regex:
  - \.fits$|\.fit$|\.xml$|\.npy$|\.png$|\.pdf$|\.yaml$
  savefits: true
  scratchdir: /scratch
  usescratch: false
  workdir: null
  workdir_regex:
  - \.fits$|\.fit$|\.xml$|\.npy$
gtlike:
  bexpmap: null
  bexpmap_base: null
  bexpmap_roi: null
  bexpmap_roi_base: null
  convolve: true
  edisp: true
  edisp_bins: -1
  edisp_disable:
  - isodiff
  - galdiff
  expscale: null
  irfs: P8R3_SOURCE_V3
  llscan_npts: 20
  minbinsz: 0.05
  resample: true
  rfactor: 2
  src_expscale: {}
  srcmap: null
  srcmap_base: null
  use_external_srcmap: false
  use_scaled_srcmap: false
  wmap: null
lightcurve:
  binsz: 86400.0
  free_background: false
  free_params: []
  free_radius: null
  free_sources: []
  make_plots: false
  max_free_sources: 5
  multithread: false
  nbins: null
  nthread: null
  outdir: null
  save_bin_data: true
  shape_ts_threshold: 16.0
  systematic: 0.02
  time_bins: []
  use_local_ltcube: true
  use_scaled_srcmap: false
  write_fits: true
  write_npy: true
localize:
  dtheta_max: 0.5
  fix_shape: false
  free_background: false
  free_radius: null
  make_plots: false
  nstep: 5
  tsmap_fitter: tsmap
  update: true
  write_fits: true
  write_npy: true
logging:
  chatter: 3
  prefix: ''
  verbosity: 3
ltcube:
  binsz: 1.0
  dcostheta: 0.025
  phibins: 0
  use_local_ltcube: false
mc:
  seed: null
model:
  assoc_xmatch_columns:
  - 3FGL_Name
  catalogs: []
  diffuse: []
  diffuse_dir: []
  diffuse_xml: []
  extdir: null
  extract_diffuse: false
  galdiff: []
  isodiff: []
  limbdiff: []
  merge_sources: true
  sources: []
  src_radius: null
  src_radius_roi: null
  src_roiwidth: null
optimizer:
  init_lambda: 0.0001
  max_iter: 100
  min_fit_quality: 2
  optimizer: MINUIT
  retries: 3
  tol: 0.001
  verbosity: 0
plotting:
  catalogs: []
  cmap: magma
  cmap_resid: RdBu_r
  figsize:
  - 8.0
  - 6.0
  format: png
  graticule_radii: []
  interactive: false
  label_ts_threshold: 0.0
  loge_bounds: []
psmap:
  chatter: 1
  cmap: ''
  dpix: -1
  emax: 1000000.0
  emin: 100.0
  fixedradius: -1.0
  ipix: -1
  jpix: -1
  make_plots: false
  maxpoissoncount: 100.0
  mmap: ''
  nbinloge: 20
  nbinpdf: 50
  outfile: ''
  prob_epsilon: 1.0e-07
  psfpar0: 4.0
  psfpar0lst: ''
  psfpar1: 100.0
  psfpar2: 0.9
  psfpar3: 0.1
  scaleaxis: 20.0
  wmap: ''
  write_fits: true
residmap:
  exclude: []
  loge_bounds: []
  make_plots: false
  model: {}
  use_weights: false
  write_fits: true
  write_npy: true
roiopt:
  max_free_sources: 5
  npred_frac: 0.95
  npred_threshold: 1.0
  shape_ts_threshold: 25.0
  skip: []
sed:
  bin_index: 2.0
  cov_scale: 3.0
  free_background: false
  free_pars: []
  free_radius: null
  make_plots: false
  ul_confidence: 0.95
  ul_ts_threshold: 4.0
  use_local_index: false
  write_fits: true
  write_npy: true
selection:
  convtype: null
  dec: null
  emax: 1000000.0
  emin: 1000.0
  evclass: 128
  evtype: 3
  filter: null
  glat: 0.4301
  glon: 43.1249
  logemax: null
  logemin: null
  phasemax: null
  phasemin: null
  ra: null
  radius: null
  roicut: 'no'
  target: null
  tmax: 765936005
  tmin: 239557417
  zmax: 90.0
sourcefind:
  free_params: []
  max_iter: 5
  min_separation: 1.0
  model: {}
  multithread: false
  nthread: null
  sources_per_iter: 4
  sqrt_ts_threshold: 5.0
  tsmap_fitter: tsmap
tscube:
  cov_scale: -1.0
  cov_scale_bb: -1.0
  do_sed: true
  exclude: []
  init_lambda: 0.0
  max_iter: 30
  model: {}
  nnorm: 10
  norm_sigma: 5.0
  remake_test_source: false
  st_scan_level: 0
  tol: 0.001
  tol_type: 0
tsmap:
  exclude: []
  loge_bounds: []
  make_plots: false
  max_kernel_radius: 3.0
  model: {}
  multithread: false
  nthread: null
  write_fits: true
  write_npy: true

2025-04-10 13:12:33 DEBUG   GTAnalysis._create_component(): Creating Analysis Component: 00
2025-04-10 13:12:33 DEBUG   GTBinnedAnalysis.__init__(): Automatically setting selection radius to 1.2071067811865475 deg
2025-04-10 13:12:33 DEBUG   GTBinnedAnalysis.print_config(): Configuration:
binning:
  binsperdec: 8.0
  binsz: 0.05
  coordsys: GAL
  enumbins: null
  hpx_ebin: true
  hpx_order: 10
  hpx_ordering_scheme: RING
  npix: null
  proj: AIT
  projtype: WCS
  roiwidth: 1.0
data:
  cacheft1: true
  evfile: /Users/vdk/shared/fermibottle/sgr1900+14/PH.txt
  ltcube: null
  scfile: /Users/vdk/shared/fermibottle/sgr1900+14/L250410052842F357373F73_SC00.fits
file_suffix: _00
fileio:
  logfile: /Users/vdk/software/my_codebase/python/data_analysis/fermi_lat/output_sgr/fermipy.log
  outdir: /Users/vdk/software/my_codebase/python/data_analysis/fermi_lat/output_sgr
  outdir_regex:
  - \.fits$|\.fit$|\.xml$|\.npy$|\.png$|\.pdf$|\.yaml$
  savefits: true
  scratchdir: /scratch
  usescratch: false
  workdir: /Users/vdk/software/my_codebase/python/data_analysis/fermi_lat/output_sgr
  workdir_regex:
  - \.fits$|\.fit$|\.xml$|\.npy$
gtlike:
  bexpmap: null
  bexpmap_base: null
  bexpmap_roi: null
  bexpmap_roi_base: null
  convolve: true
  edisp: true
  edisp_bins: -1
  edisp_disable:
  - isodiff
  - galdiff
  expscale: null
  irfs: P8R3_SOURCE_V3
  llscan_npts: 20
  minbinsz: 0.05
  resample: true
  rfactor: 2
  src_expscale: {}
  srcmap: null
  srcmap_base: null
  use_external_srcmap: false
  use_scaled_srcmap: false
  wmap: null
logging:
  chatter: 3
  prefix: ''
  verbosity: 3
ltcube:
  binsz: 1.0
  dcostheta: 0.025
  phibins: 0
  use_local_ltcube: false
model:
  assoc_xmatch_columns:
  - 3FGL_Name
  catalogs: []
  diffuse: []
  diffuse_dir: []
  diffuse_xml: []
  extdir: null
  extract_diffuse: false
  galdiff: []
  isodiff: []
  limbdiff: []
  merge_sources: true
  sources: []
  src_radius: null
  src_radius_roi: null
  src_roiwidth: null
name: '00'
selection:
  convtype: null
  dec: null
  emax: 1000000.0
  emin: 1000.0
  evclass: 128
  evtype: 3
  filter: null
  glat: 0.4301
  glon: 43.1249
  logemax: !!python/object/apply:numpy.core.multiarray.scalar
  - &id001 !!python/object/apply:numpy.dtype
    args:
    - f8
    - false
    - true
    state: !!python/tuple
    - 3
    - <
    - null
    - null
    - null
    - -1
    - -1
    - 0
  - !!binary |
    AAAAAAAAGEA=
  logemin: !!python/object/apply:numpy.core.multiarray.scalar
  - *id001
  - !!binary |
    AAAAAAAACEA=
  phasemax: null
  phasemin: null
  ra: null
  radius: 1.2071067811865475
  roicut: 'no'
  target: null
  tmax: 765936005
  tmin: 239557417
  zmax: 90.0

2025-04-10 13:12:34 INFO    GTAnalysis.setup(): Running setup.
2025-04-10 13:12:34 INFO    GTBinnedAnalysis.setup(): Running setup for component 00
2025-04-10 13:12:34 INFO    GTBinnedAnalysis.run_gtapp(): Running gtselect.
2025-04-10 13:12:34 INFO    GTBinnedAnalysis.run_gtapp(): time -p gtselect infile=/Users/vdk/software/my_codebase/python/data_analysis/fermi_lat/output_sgr/evfile_00.txt outfile=/Users/vdk/software/my_codebase/python/data_analysis/fermi_lat/output_sgr/ft1_00.fits ra=287.15994750303526 dec=9.259972392984793 rad=1.2071067811865475 tmin=239557417.0 tmax=765936005.0 emin=1000.0 emax=1000000.0 zmin=0.0 zmax=90.0 evclass=128 evtype=3 convtype=-1 phasemin=0.0 phasemax=1.0 evtable="EVENTS" chatter=3 clobber=yes debug=no gui=no mode="ql"
2025-04-10 13:12:34 INFO    GTBinnedAnalysis.run_gtapp(): This is gtselect version HEAD
2025-04-10 13:12:34 INFO    GTBinnedAnalysis.run_gtapp(): Caught N3tip12TipExceptionE at the top level: File not found: /Users/vdk/software/my_codebase/python/data_analysis/fermi_lat/output_sgr/./L250410052842F357373F73_PH00.fits
2025-04-10 13:12:34 INFO    GTBinnedAnalysis.run_gtapp(): Finished gtselect. Execution time: 0.05 s
2025-04-10 13:12:34 INFO    GTBinnedAnalysis.run_gtapp(): Running gtltcube.
2025-04-10 13:12:34 INFO    GTBinnedAnalysis.run_gtapp(): time -p gtltcube evfile="/Users/vdk/software/my_codebase/python/data_analysis/fermi_lat/output_sgr/ft1_00.fits" evtable="EVENTS" scfile=/Users/vdk/shared/fermibottle/sgr1900+14/L250410052842F357373F73_SC00.fits sctable="SC_DATA" outfile=/Users/vdk/software/my_codebase/python/data_analysis/fermi_lat/output_sgr/ltcube_00.fits dcostheta=0.025 binsz=1.0 phibins=0 tmin=0.0 tmax=0.0 file_version="1" zmin=0.0 zmax=90.0 chatter=2 clobber=yes debug=no gui=no mode="ql"
2025-04-10 13:12:34 INFO    GTBinnedAnalysis.run_gtapp(): Caught St13runtime_error at the top level: File not found: /Users/vdk/software/my_codebase/python/data_analysis/fermi_lat/output_sgr/ft1_00.fits
2025-04-10 13:12:34 INFO    GTBinnedAnalysis.run_gtapp(): Finished gtltcube. Execution time: 0.04 s
2025-04-10 13:12:34 DEBUG   GTBinnedAnalysis.setup(): Loading LT Cube /Users/vdk/software/my_codebase/python/data_analysis/fermi_lat/output_sgr/ltcube_00.fits
2025-04-10 13:55:33 INFO    GTAnalysis.__init__(): 
--------------------------------------------------------------------------------
fermipy version 1.3.1 
ScienceTools version 2.2.0
2025-04-10 13:55:33 DEBUG   GTAnalysis.print_config(): Configuration:
binning:
  binsperdec: 8.0
  binsz: 0.05
  coordsys: GAL
  enumbins: null
  hpx_ebin: true
  hpx_order: 10
  hpx_ordering_scheme: RING
  npix: null
  proj: AIT
  projtype: WCS
  roiwidth: 1.0
components: []
curvature:
  Index2: 0.6667
  free_Index2: false
data:
  cacheft1: true
  evfile: /Users/vdk/shared/fermibottle/sgr1900+14/PH.txt
  ltcube: null
  scfile: /Users/vdk/shared/fermibottle/sgr1900+14/L250410052842F357373F73_SC00.fits
extension:
  fit_ebin: false
  fit_position: false
  fix_shape: false
  free_background: false
  free_radius: null
  make_plots: false
  make_tsmap: true
  psf_scale_fn: null
  reoptimize: false
  save_model_map: false
  spatial_model: RadialGaussian
  sqrt_ts_threshold: null
  tsmap_fitter: tsmap
  update: false
  width: []
  width_max: 1.0
  width_min: 0.01
  width_nstep: 21
  write_fits: true
  write_npy: true
fileio:
  logfile: /Users/vdk/software/my_codebase/python/data_analysis/fermi_lat/output_sgr/fermipy.log
  outdir: /Users/vdk/software/my_codebase/python/data_analysis/fermi_lat/output_sgr
  outdir_regex:
  - \.fits$|\.fit$|\.xml$|\.npy$|\.png$|\.pdf$|\.yaml$
  savefits: true
  scratchdir: /scratch
  usescratch: false
  workdir: null
  workdir_regex:
  - \.fits$|\.fit$|\.xml$|\.npy$
gtlike:
  bexpmap: null
  bexpmap_base: null
  bexpmap_roi: null
  bexpmap_roi_base: null
  convolve: true
  edisp: true
  edisp_bins: -1
  edisp_disable:
  - isodiff
  - galdiff
  expscale: null
  irfs: P8R3_SOURCE_V3
  llscan_npts: 20
  minbinsz: 0.05
  resample: true
  rfactor: 2
  src_expscale: {}
  srcmap: null
  srcmap_base: null
  use_external_srcmap: false
  use_scaled_srcmap: false
  wmap: null
lightcurve:
  binsz: 86400.0
  free_background: false
  free_params: []
  free_radius: null
  free_sources: []
  make_plots: false
  max_free_sources: 5
  multithread: false
  nbins: null
  nthread: null
  outdir: null
  save_bin_data: true
  shape_ts_threshold: 16.0
  systematic: 0.02
  time_bins: []
  use_local_ltcube: true
  use_scaled_srcmap: false
  write_fits: true
  write_npy: true
localize:
  dtheta_max: 0.5
  fix_shape: false
  free_background: false
  free_radius: null
  make_plots: false
  nstep: 5
  tsmap_fitter: tsmap
  update: true
  write_fits: true
  write_npy: true
logging:
  chatter: 3
  prefix: ''
  verbosity: 3
ltcube:
  binsz: 1.0
  dcostheta: 0.025
  phibins: 0
  use_local_ltcube: false
mc:
  seed: null
model:
  assoc_xmatch_columns:
  - 3FGL_Name
  catalogs: []
  diffuse: []
  diffuse_dir: []
  diffuse_xml: []
  extdir: null
  extract_diffuse: false
  galdiff: []
  isodiff: []
  limbdiff: []
  merge_sources: true
  sources: []
  src_radius: null
  src_radius_roi: null
  src_roiwidth: null
optimizer:
  init_lambda: 0.0001
  max_iter: 100
  min_fit_quality: 2
  optimizer: MINUIT
  retries: 3
  tol: 0.001
  verbosity: 0
plotting:
  catalogs: []
  cmap: magma
  cmap_resid: RdBu_r
  figsize:
  - 8.0
  - 6.0
  format: png
  graticule_radii: []
  interactive: false
  label_ts_threshold: 0.0
  loge_bounds: []
psmap:
  chatter: 1
  cmap: ''
  dpix: -1
  emax: 1000000.0
  emin: 100.0
  fixedradius: -1.0
  ipix: -1
  jpix: -1
  make_plots: false
  maxpoissoncount: 100.0
  mmap: ''
  nbinloge: 20
  nbinpdf: 50
  outfile: ''
  prob_epsilon: 1.0e-07
  psfpar0: 4.0
  psfpar0lst: ''
  psfpar1: 100.0
  psfpar2: 0.9
  psfpar3: 0.1
  scaleaxis: 20.0
  wmap: ''
  write_fits: true
residmap:
  exclude: []
  loge_bounds: []
  make_plots: false
  model: {}
  use_weights: false
  write_fits: true
  write_npy: true
roiopt:
  max_free_sources: 5
  npred_frac: 0.95
  npred_threshold: 1.0
  shape_ts_threshold: 25.0
  skip: []
sed:
  bin_index: 2.0
  cov_scale: 3.0
  free_background: false
  free_pars: []
  free_radius: null
  make_plots: false
  ul_confidence: 0.95
  ul_ts_threshold: 4.0
  use_local_index: false
  write_fits: true
  write_npy: true
selection:
  convtype: null
  dec: null
  emax: 1000000.0
  emin: 1000.0
  evclass: 128
  evtype: 3
  filter: null
  glat: 0.4301
  glon: 43.1249
  logemax: null
  logemin: null
  phasemax: null
  phasemin: null
  ra: null
  radius: null
  roicut: 'no'
  target: null
  tmax: 765936005
  tmin: 239557417
  zmax: 90.0
sourcefind:
  free_params: []
  max_iter: 5
  min_separation: 1.0
  model: {}
  multithread: false
  nthread: null
  sources_per_iter: 4
  sqrt_ts_threshold: 5.0
  tsmap_fitter: tsmap
tscube:
  cov_scale: -1.0
  cov_scale_bb: -1.0
  do_sed: true
  exclude: []
  init_lambda: 0.0
  max_iter: 30
  model: {}
  nnorm: 10
  norm_sigma: 5.0
  remake_test_source: false
  st_scan_level: 0
  tol: 0.001
  tol_type: 0
tsmap:
  exclude: []
  loge_bounds: []
  make_plots: false
  max_kernel_radius: 3.0
  model: {}
  multithread: false
  nthread: null
  write_fits: true
  write_npy: true

2025-04-10 13:55:33 DEBUG   GTAnalysis._create_component(): Creating Analysis Component: 00
2025-04-10 13:55:33 DEBUG   GTBinnedAnalysis.__init__(): Automatically setting selection radius to 1.2071067811865475 deg
2025-04-10 13:55:33 DEBUG   GTBinnedAnalysis.print_config(): Configuration:
binning:
  binsperdec: 8.0
  binsz: 0.05
  coordsys: GAL
  enumbins: null
  hpx_ebin: true
  hpx_order: 10
  hpx_ordering_scheme: RING
  npix: null
  proj: AIT
  projtype: WCS
  roiwidth: 1.0
data:
  cacheft1: true
  evfile: /Users/vdk/shared/fermibottle/sgr1900+14/PH.txt
  ltcube: null
  scfile: /Users/vdk/shared/fermibottle/sgr1900+14/L250410052842F357373F73_SC00.fits
file_suffix: _00
fileio:
  logfile: /Users/vdk/software/my_codebase/python/data_analysis/fermi_lat/output_sgr/fermipy.log
  outdir: /Users/vdk/software/my_codebase/python/data_analysis/fermi_lat/output_sgr
  outdir_regex:
  - \.fits$|\.fit$|\.xml$|\.npy$|\.png$|\.pdf$|\.yaml$
  savefits: true
  scratchdir: /scratch
  usescratch: false
  workdir: /Users/vdk/software/my_codebase/python/data_analysis/fermi_lat/output_sgr
  workdir_regex:
  - \.fits$|\.fit$|\.xml$|\.npy$
gtlike:
  bexpmap: null
  bexpmap_base: null
  bexpmap_roi: null
  bexpmap_roi_base: null
  convolve: true
  edisp: true
  edisp_bins: -1
  edisp_disable:
  - isodiff
  - galdiff
  expscale: null
  irfs: P8R3_SOURCE_V3
  llscan_npts: 20
  minbinsz: 0.05
  resample: true
  rfactor: 2
  src_expscale: {}
  srcmap: null
  srcmap_base: null
  use_external_srcmap: false
  use_scaled_srcmap: false
  wmap: null
logging:
  chatter: 3
  prefix: ''
  verbosity: 3
ltcube:
  binsz: 1.0
  dcostheta: 0.025
  phibins: 0
  use_local_ltcube: false
model:
  assoc_xmatch_columns:
  - 3FGL_Name
  catalogs: []
  diffuse: []
  diffuse_dir: []
  diffuse_xml: []
  extdir: null
  extract_diffuse: false
  galdiff: []
  isodiff: []
  limbdiff: []
  merge_sources: true
  sources: []
  src_radius: null
  src_radius_roi: null
  src_roiwidth: null
name: '00'
selection:
  convtype: null
  dec: null
  emax: 1000000.0
  emin: 1000.0
  evclass: 128
  evtype: 3
  filter: null
  glat: 0.4301
  glon: 43.1249
  logemax: !!python/object/apply:numpy.core.multiarray.scalar
  - &id001 !!python/object/apply:numpy.dtype
    args:
    - f8
    - false
    - true
    state: !!python/tuple
    - 3
    - <
    - null
    - null
    - null
    - -1
    - -1
    - 0
  - !!binary |
    AAAAAAAAGEA=
  logemin: !!python/object/apply:numpy.core.multiarray.scalar
  - *id001
  - !!binary |
    AAAAAAAACEA=
  phasemax: null
  phasemin: null
  ra: null
  radius: 1.2071067811865475
  roicut: 'no'
  target: null
  tmax: 765936005
  tmin: 239557417
  zmax: 90.0

2025-04-10 13:55:34 INFO    GTAnalysis.setup(): Running setup.
2025-04-10 13:55:34 INFO    GTBinnedAnalysis.setup(): Running setup for component 00
2025-04-10 13:55:34 INFO    GTBinnedAnalysis.run_gtapp(): Running gtselect.
2025-04-10 13:55:34 INFO    GTBinnedAnalysis.run_gtapp(): time -p gtselect infile=/Users/vdk/software/my_codebase/python/data_analysis/fermi_lat/output_sgr/evfile_00.txt outfile=/Users/vdk/software/my_codebase/python/data_analysis/fermi_lat/output_sgr/ft1_00.fits ra=287.15994750303526 dec=9.259972392984793 rad=1.2071067811865475 tmin=239557417.0 tmax=765936005.0 emin=1000.0 emax=1000000.0 zmin=0.0 zmax=90.0 evclass=128 evtype=3 convtype=-1 phasemin=0.0 phasemax=1.0 evtable="EVENTS" chatter=3 clobber=yes debug=no gui=no mode="ql"
2025-04-10 13:55:34 INFO    GTBinnedAnalysis.run_gtapp(): This is gtselect version HEAD
2025-04-10 13:55:34 INFO    GTBinnedAnalysis.run_gtapp(): Applying filter string: ((EVENT_CLASS&o200) != o0) && angsep(RA,DEC,287.16,9.26) < 1 && ((EVENT_TYPE&o3) != o0) && 1000 < ENERGY && ENERGY <= 1000000 && 239557417 < TIME && TIME <= 765936005 && 0 < ZENITH_ANGLE && ZENITH_ANGLE <= 90 && gtifilter()
2025-04-10 13:55:35 INFO    GTBinnedAnalysis.run_gtapp(): Done.
2025-04-10 13:55:35 INFO    GTBinnedAnalysis.run_gtapp(): Finished gtselect. Execution time: 0.54 s
2025-04-10 13:55:35 INFO    GTBinnedAnalysis.run_gtapp(): Running gtltcube.
2025-04-10 13:55:35 INFO    GTBinnedAnalysis.run_gtapp(): time -p gtltcube evfile="/Users/vdk/software/my_codebase/python/data_analysis/fermi_lat/output_sgr/ft1_00.fits" evtable="EVENTS" scfile=/Users/vdk/shared/fermibottle/sgr1900+14/L250410052842F357373F73_SC00.fits sctable="SC_DATA" outfile=/Users/vdk/software/my_codebase/python/data_analysis/fermi_lat/output_sgr/ltcube_00.fits dcostheta=0.025 binsz=1.0 phibins=0 tmin=0.0 tmax=0.0 file_version="1" zmin=0.0 zmax=90.0 chatter=2 clobber=yes debug=no gui=no mode="ql"
2025-04-10 13:55:35 INFO    GTBinnedAnalysis.run_gtapp(): Working on file /Users/vdk/shared/fermibottle/sgr1900+14/L250410052842F357373F73_SC00.fits
2025-04-10 15:27:08 INFO    GTBinnedAnalysis.run_gtapp(): .....................!
2025-04-10 15:27:08 INFO    GTBinnedAnalysis.run_gtapp(): Finished gtltcube. Execution time: 5493.58 s
2025-04-10 15:27:08 DEBUG   GTBinnedAnalysis.setup(): Loading LT Cube /Users/vdk/software/my_codebase/python/data_analysis/fermi_lat/output_sgr/ltcube_00.fits
2025-04-10 15:27:08 DEBUG   GTBinnedAnalysis.setup(): Creating PSF model
2025-04-10 15:27:08 INFO    GTBinnedAnalysis.run_gtapp(): Running gtbin.
2025-04-10 15:27:08 INFO    GTBinnedAnalysis.run_gtapp(): time -p gtbin evfile=/Users/vdk/software/my_codebase/python/data_analysis/fermi_lat/output_sgr/ft1_00.fits scfile=/Users/vdk/shared/fermibottle/sgr1900+14/L250410052842F357373F73_SC00.fits outfile=/Users/vdk/software/my_codebase/python/data_analysis/fermi_lat/output_sgr/ccube_00.fits algorithm="ccube" ebinalg="LOG" emin=1000.0 emax=1000000.0 enumbins=24 ebinfile=NONE tbinalg="LIN" tbinfile=NONE nxpix=20 nypix=20 binsz=0.05 coordsys="GAL" xref=43.124899999999975 yref=0.4301000000000689 axisrot=0.0 rafield="RA" decfield="DEC" proj="AIT" hpx_ordering_scheme="RING" hpx_order=3 hpx_ebin=yes hpx_region="" evtable="EVENTS" sctable="SC_DATA" efield="ENERGY" tfield="TIME" chatter=3 clobber=yes debug=no gui=no mode="ql"
2025-04-10 15:27:09 INFO    GTBinnedAnalysis.run_gtapp(): This is gtbin version HEAD
2025-04-10 15:27:11 INFO    GTBinnedAnalysis.run_gtapp(): Finished gtbin. Execution time: 2.41 s
2025-04-10 15:27:11 INFO    GTBinnedAnalysis.run_gtapp(): Running gtexpcube2.
2025-04-10 15:27:11 INFO    GTBinnedAnalysis.run_gtapp(): time -p gtexpcube2 infile=/Users/vdk/software/my_codebase/python/data_analysis/fermi_lat/output_sgr/ltcube_00.fits cmap=none outfile=/Users/vdk/software/my_codebase/python/data_analysis/fermi_lat/output_sgr/bexpmap_00.fits irfs="P8R3_SOURCE_V3" evtype=3 edisp_bins=-1 nxpix=360 nypix=180 binsz=1.0 coordsys="GAL" xref=0.0 yref=0.0 axisrot=0.0 proj="CAR" ebinalg="LOG" emin=1000.0 emax=1000000.0 enumbins=24 ebinfile="NONE" hpx_ordering_scheme="RING" hpx_order=6 bincalc="EDGE" ignorephi=no thmax=180.0 thmin=0.0 table="EXPOSURE" chatter=3 clobber=yes debug=no mode="ql"
2025-04-10 15:27:11 INFO    GTBinnedAnalysis.run_gtapp(): This is gtexpcube2 version HEAD
2025-04-10 15:27:11 INFO    GTBinnedAnalysis.run_gtapp(): Using evtype=3 (i.e., FRONT/BACK irfs)
2025-04-10 15:27:11 INFO    GTBinnedAnalysis.run_gtapp(): ResponseFunctions::load: IRF used: P8R3_SOURCE_V3
2025-04-10 15:27:11 INFO    GTBinnedAnalysis.run_gtapp(): event_types:  0  1
2025-04-10 15:27:13 INFO    GTBinnedAnalysis.run_gtapp(): Computing binned exposure map....................!
2025-04-10 15:27:13 INFO    GTBinnedAnalysis.run_gtapp(): Finished gtexpcube2. Execution time: 2.35 s
2025-04-10 15:27:13 INFO    GTBinnedAnalysis.run_gtapp(): Running gtexpcube2.
2025-04-10 15:27:13 INFO    GTBinnedAnalysis.run_gtapp(): time -p gtexpcube2 infile=/Users/vdk/software/my_codebase/python/data_analysis/fermi_lat/output_sgr/ltcube_00.fits cmap=none outfile=/Users/vdk/software/my_codebase/python/data_analysis/fermi_lat/output_sgr/bexpmap_roi_00.fits irfs="P8R3_SOURCE_V3" evtype=3 edisp_bins=0 nxpix=20 nypix=20 binsz=0.05 coordsys="GAL" xref=43.124899999999975 yref=0.4301000000000689 axisrot=0.0 proj="CAR" ebinalg="LOG" emin=1000.0 emax=1000000.0 enumbins=24 ebinfile="NONE" hpx_ordering_scheme="RING" hpx_order=6 bincalc="EDGE" ignorephi=no thmax=180.0 thmin=0.0 table="EXPOSURE" chatter=3 clobber=yes debug=no mode="ql"
2025-04-10 15:27:13 INFO    GTBinnedAnalysis.run_gtapp(): This is gtexpcube2 version HEAD
2025-04-10 15:27:13 INFO    GTBinnedAnalysis.run_gtapp(): Using evtype=3 (i.e., FRONT/BACK irfs)
2025-04-10 15:27:13 INFO    GTBinnedAnalysis.run_gtapp(): ResponseFunctions::load: IRF used: P8R3_SOURCE_V3
2025-04-10 15:27:13 INFO    GTBinnedAnalysis.run_gtapp(): event_types:  0  1
2025-04-10 15:27:13 INFO    GTBinnedAnalysis.run_gtapp(): Computing binned exposure map....................!
2025-04-10 15:27:13 INFO    GTBinnedAnalysis.run_gtapp(): Finished gtexpcube2. Execution time: 0.19 s
2025-04-10 15:27:13 INFO    GTBinnedAnalysis.run_gtapp(): Running gtsrcmaps.
2025-04-10 15:27:13 INFO    GTBinnedAnalysis.run_gtapp(): time -p gtsrcmaps scfile=/Users/vdk/shared/fermibottle/sgr1900+14/L250410052842F357373F73_SC00.fits sctable="SC_DATA" expcube=/Users/vdk/software/my_codebase/python/data_analysis/fermi_lat/output_sgr/ltcube_00.fits cmap=/Users/vdk/software/my_codebase/python/data_analysis/fermi_lat/output_sgr/ccube_00.fits srcmdl=/Users/vdk/software/my_codebase/python/data_analysis/fermi_lat/output_sgr/srcmdl_00.xml bexpmap=/Users/vdk/software/my_codebase/python/data_analysis/fermi_lat/output_sgr/bexpmap_00.fits wmap=none outfile=/Users/vdk/software/my_codebase/python/data_analysis/fermi_lat/output_sgr/srcmap_00.fits irfs="P8R3_SOURCE_V3" evtype=3 convol=yes resample=yes rfactor=2 minbinsz=0.05 ptsrc=yes psfcorr=yes emapbnds=no edisp_bins=-1 copyall=no chatter=3 clobber=yes debug=no gui=no mode="ql"
2025-04-10 15:27:13 INFO    GTBinnedAnalysis.run_gtapp(): This is gtsrcmaps version HEAD
2025-04-10 15:27:14 INFO    GTBinnedAnalysis.run_gtapp(): Using evtype=3 (i.e., FRONT/BACK irfs)
2025-04-10 15:27:14 INFO    GTBinnedAnalysis.run_gtapp(): ResponseFunctions::load: IRF used: P8R3_SOURCE_V3
2025-04-10 15:27:14 INFO    GTBinnedAnalysis.run_gtapp(): event_types:  0  1
2025-04-10 15:27:16 INFO    GTBinnedAnalysis.run_gtapp(): Finished gtsrcmaps. Execution time: 2.65 s
2025-04-10 15:27:16 INFO    GTBinnedAnalysis.setup(): Finished setup for component 00
2025-04-10 15:27:16 INFO    GTBinnedAnalysis._create_binned_analysis(): Creating BinnedAnalysis for component 00.
2025-04-10 15:27:16 DEBUG   GTBinnedAnalysis._create_binned_analysis(): Creating BinnedObs
2025-04-10 15:27:16 DEBUG   GTBinnedAnalysis._create_binned_analysis(): {'srcMaps': '/Users/vdk/software/my_codebase/python/data_analysis/fermi_lat/output_sgr/srcmap_00.fits', 'expCube': '/Users/vdk/software/my_codebase/python/data_analysis/fermi_lat/output_sgr/ltcube_00.fits', 'binnedExpMap': '/Users/vdk/software/my_codebase/python/data_analysis/fermi_lat/output_sgr/bexpmap_00.fits', 'irfs': 'P8R3_SOURCE_V3'}
2025-04-10 15:27:17 DEBUG   GTBinnedAnalysis._create_binned_analysis(): Creating BinnedAnalysis
2025-04-10 15:27:17 DEBUG   GTBinnedAnalysis._create_binned_analysis(): {'srcModel': '/Users/vdk/software/my_codebase/python/data_analysis/fermi_lat/output_sgr/srcmdl_00.xml', 'optimizer': 'MINUIT', 'wmap': None, 'convolve': True, 'resample': True, 'minbinsz': 0.05, 'resamp_fact': 2, 'edisp_bins': -1}
2025-04-10 15:27:19 DEBUG   GTBinnedAnalysis._create_binned_analysis(): Computing fixed weights
2025-04-10 15:27:19 DEBUG   GTBinnedAnalysis._create_binned_analysis(): Updating source maps
2025-04-10 15:27:19 INFO    GTAnalysis.setup(): Initializing source properties
2025-04-10 15:27:19 INFO    GTAnalysis.setup(): Finished setup.
2025-04-10 15:46:32 INFO    GTAnalysis.optimize(): Starting
2025-04-10 15:46:32 DEBUG   GTAnalysis.optimize(): LogLike: 0.000000
2025-04-10 15:46:32 DEBUG   GTAnalysis.fit(): Starting fit.
2025-04-10 15:46:32 DEBUG   GTAnalysis.fit(): Skipping fit.  No free parameters.
2025-04-10 15:46:32 INFO    GTAnalysis.optimize(): Finished
2025-04-10 15:46:32 INFO    GTAnalysis.optimize(): LogLike: 0.000000 Delta-LogLike: 0.000000
2025-04-10 15:46:32 INFO    GTAnalysis.optimize(): Execution time: 0.01 s
2025-04-10 15:46:35 INFO    GTAnalysis.print_roi(): 
name                SpatialModel   SpectrumType     offset        ts       npred
--------------------------------------------------------------------------------

2025-04-10 16:29:35 INFO    GTBinnedAnalysis._psf_app(): Computing psf for component 00.
2025-04-10 16:29:42 INFO    GTBinnedAnalysis._psf_app(): Computing psf for component 00.
2025-04-10 16:29:46 INFO    GTBinnedAnalysis._psf_app(): Computing psf for component 00.
